[1.285s] Invoking command in '/home/arute/ros2_ws/mypkg': CONDA_PROMPT_MODIFIER=(base) PYTHONPATH=/home/arute/ros2_ws/mypkg/build/mypkg/prefix_override:/usr/lib/python3/dist-packages/colcon_core/task/python/colcon_distutils_commands:/home/arute/ros2_ws/mypkg/install/mypkg/lib/python3.10/site-packages:${PYTHONPATH} /usr/bin/python3 -W ignore:setup.py install is deprecated -W ignore:easy_install command is deprecated setup.py egg_info --egg-base build/mypkg build --build-base /home/arute/ros2_ws/mypkg/build/mypkg/build install --record /home/arute/ros2_ws/mypkg/build/mypkg/install.log --single-version-externally-managed install_data
[1.548s] running egg_info
[1.549s] creating build/mypkg/mypkg.egg-info
[1.553s] writing build/mypkg/mypkg.egg-info/PKG-INFO
[1.554s] writing dependency_links to build/mypkg/mypkg.egg-info/dependency_links.txt
[1.554s] writing entry points to build/mypkg/mypkg.egg-info/entry_points.txt
[1.555s] writing requirements to build/mypkg/mypkg.egg-info/requires.txt
[1.555s] writing top-level names to build/mypkg/mypkg.egg-info/top_level.txt
[1.556s] writing manifest file 'build/mypkg/mypkg.egg-info/SOURCES.txt'
[1.557s] reading manifest file 'build/mypkg/mypkg.egg-info/SOURCES.txt'
[1.557s] adding license file 'LICENSE'
[1.558s] writing manifest file 'build/mypkg/mypkg.egg-info/SOURCES.txt'
[1.559s] running build
[1.559s] running build_py
[1.559s] creating /home/arute/ros2_ws/mypkg/build/mypkg/build
[1.560s] creating /home/arute/ros2_ws/mypkg/build/mypkg/build/lib
[1.560s] creating /home/arute/ros2_ws/mypkg/build/mypkg/build/lib/mypkg
[1.561s] copying mypkg/__init__.py -> /home/arute/ros2_ws/mypkg/build/mypkg/build/lib/mypkg
[1.564s] copying mypkg/listener.py -> /home/arute/ros2_ws/mypkg/build/mypkg/build/lib/mypkg
[1.564s] copying mypkg/dealer.py -> /home/arute/ros2_ws/mypkg/build/mypkg/build/lib/mypkg
[1.564s] running install
[1.564s] running install_lib
[1.565s] creating /home/arute/ros2_ws/mypkg/install/mypkg/lib/python3.10/site-packages/mypkg
[1.566s] copying /home/arute/ros2_ws/mypkg/build/mypkg/build/lib/mypkg/__init__.py -> /home/arute/ros2_ws/mypkg/install/mypkg/lib/python3.10/site-packages/mypkg
[1.566s] copying /home/arute/ros2_ws/mypkg/build/mypkg/build/lib/mypkg/listener.py -> /home/arute/ros2_ws/mypkg/install/mypkg/lib/python3.10/site-packages/mypkg
[1.570s] copying /home/arute/ros2_ws/mypkg/build/mypkg/build/lib/mypkg/dealer.py -> /home/arute/ros2_ws/mypkg/install/mypkg/lib/python3.10/site-packages/mypkg
[1.571s] byte-compiling /home/arute/ros2_ws/mypkg/install/mypkg/lib/python3.10/site-packages/mypkg/__init__.py to __init__.cpython-310.pyc
[1.571s] byte-compiling /home/arute/ros2_ws/mypkg/install/mypkg/lib/python3.10/site-packages/mypkg/listener.py to listener.cpython-310.pyc
[1.571s] byte-compiling /home/arute/ros2_ws/mypkg/install/mypkg/lib/python3.10/site-packages/mypkg/dealer.py to dealer.cpython-310.pyc
[1.571s] running install_data
[1.571s] creating /home/arute/ros2_ws/mypkg/install/mypkg/share/ament_index
[1.572s] creating /home/arute/ros2_ws/mypkg/install/mypkg/share/ament_index/resource_index
[1.572s] creating /home/arute/ros2_ws/mypkg/install/mypkg/share/ament_index/resource_index/packages
[1.572s] copying resource/mypkg -> /home/arute/ros2_ws/mypkg/install/mypkg/share/ament_index/resource_index/packages
[1.572s] copying package.xml -> /home/arute/ros2_ws/mypkg/install/mypkg/share/mypkg
[1.573s] copying launch/talk_listen.launch.py -> /home/arute/ros2_ws/mypkg/install/mypkg/share/mypkg
[1.573s] running install_egg_info
[1.576s] Copying build/mypkg/mypkg.egg-info to /home/arute/ros2_ws/mypkg/install/mypkg/lib/python3.10/site-packages/mypkg-0.0.0-py3.10.egg-info
[1.579s] running install_scripts
[1.603s] Installing dealer script to /home/arute/ros2_ws/mypkg/install/mypkg/lib/mypkg
[1.604s] Installing listener script to /home/arute/ros2_ws/mypkg/install/mypkg/lib/mypkg
[1.604s] writing list of installed files to '/home/arute/ros2_ws/mypkg/build/mypkg/install.log'
[1.632s] Invoked command in '/home/arute/ros2_ws/mypkg' returned '0': CONDA_PROMPT_MODIFIER=(base) PYTHONPATH=/home/arute/ros2_ws/mypkg/build/mypkg/prefix_override:/usr/lib/python3/dist-packages/colcon_core/task/python/colcon_distutils_commands:/home/arute/ros2_ws/mypkg/install/mypkg/lib/python3.10/site-packages:${PYTHONPATH} /usr/bin/python3 -W ignore:setup.py install is deprecated -W ignore:easy_install command is deprecated setup.py egg_info --egg-base build/mypkg build --build-base /home/arute/ros2_ws/mypkg/build/mypkg/build install --record /home/arute/ros2_ws/mypkg/build/mypkg/install.log --single-version-externally-managed install_data
